Rscript.exe : here() starts at C:/Users/user/OneDrive - London School of Hygiene and Tropical 
Medicine/Documents/GitHub/CHIK_CLIM/CHIK_CLIM
At line:9 char:1
+ & "C:\Program Files\R\R-4.3.3\bin\Rscript.exe" $script *> $log 2>&1
+ ~~~~~~~~~~~~~~~~~~~~~~~~~~~~~~~~~~~~~~~~~~~~~~~~~~~~~~~~~~~~~~~~~~~
    + CategoryInfo          : NotSpecified: (here() starts a..._CLIM/CHIK_CLIM:String) [], RemoteException
    + FullyQualifiedErrorId : NativeCommandError
 
here() starts at C:/Users/user/OneDrive - London School of Hygiene and Tropical 
Medicine/Documents/GitHub/CHIK_CLIM/CHIK_CLIM
here() starts at C:/Users/user/OneDrive - London School of Hygiene and Tropical 
Medicine/Documents/GitHub/CHIK_CLIM/CHIK_CLIM
here() starts at C:/Users/user/OneDrive - London School of Hygiene and Tropical 
Medicine/Documents/GitHub/CHIK_CLIM/CHIK_CLIM
[bahia-q0.30] frozen v4.9 structure, use_serology=0, no seed | q=0.3 | stage=full
starting worker pid=5824 on localhost:11988 at 21:57:36.408
starting worker pid=39384 on localhost:11988 at 21:57:36.508
starting worker pid=43296 on localhost:11988 at 21:57:36.607
starting worker pid=39764 on localhost:11988 at 21:57:36.708

SAMPLING FOR MODEL 'anon_model' NOW (CHAIN 1).
Chain 1: 
Chain 1: Gradient evaluation took 0.000882 seconds
Chain 1: 1000 transitions using 10 leapfrog steps per transition would take 8.82 seconds.
Chain 1: Adjust your expectations accordingly!
Chain 1: 
Chain 1: 
Chain 1: Iteration:    1 / 2400 [  0%]  (Warmup)

SAMPLING FOR MODEL 'anon_model' NOW (CHAIN 2).
Chain 2: 
Chain 2: Gradient evaluation took 0.000937 seconds
Chain 2: 1000 transitions using 10 leapfrog steps per transition would take 9.37 seconds.
Chain 2: Adjust your expectations accordingly!
Chain 2: 
Chain 2: 
Chain 2: Iteration:    1 / 2400 [  0%]  (Warmup)

SAMPLING FOR MODEL 'anon_model' NOW (CHAIN 3).
Chain 3: 
Chain 3: Gradient evaluation took 0.000956 seconds
Chain 3: 1000 transitions using 10 leapfrog steps per transition would take 9.56 seconds.
Chain 3: Adjust your expectations accordingly!
Chain 3: 
Chain 3: 
Chain 3: Iteration:    1 / 2400 [  0%]  (Warmup)

SAMPLING FOR MODEL 'anon_model' NOW (CHAIN 4).
Chain 4: 
Chain 4: Gradient evaluation took 0.000893 seconds
Chain 4: 1000 transitions using 10 leapfrog steps per transition would take 8.93 seconds.
Chain 4: Adjust your expectations accordingly!
Chain 4: 
Chain 4: 
Chain 4: Iteration:    1 / 2400 [  0%]  (Warmup)
Chain 4: Iteration:   25 / 2400 [  1%]  (Warmup)
Chain 2: Iteration:   25 / 2400 [  1%]  (Warmup)
Chain 3: Iteration:   25 / 2400 [  1%]  (Warmup)
Chain 4: Iteration:   50 / 2400 [  2%]  (Warmup)
Chain 1: Iteration:   25 / 2400 [  1%]  (Warmup)
Chain 2: Iteration:   50 / 2400 [  2%]  (Warmup)
Chain 4: Iteration:   75 / 2400 [  3%]  (Warmup)
Chain 1: Iteration:   50 / 2400 [  2%]  (Warmup)
Chain 3: Iteration:   50 / 2400 [  2%]  (Warmup)
Chain 2: Iteration:   75 / 2400 [  3%]  (Warmup)
Chain 1: Iteration:   75 / 2400 [  3%]  (Warmup)
Chain 4: Iteration:  100 / 2400 [  4%]  (Warmup)
Chain 4: Iteration:  125 / 2400 [  5%]  (Warmup)
Chain 4: Iteration:  150 / 2400 [  6%]  (Warmup)
Chain 2: Iteration:  100 / 2400 [  4%]  (Warmup)
Chain 4: Iteration:  175 / 2400 [  7%]  (Warmup)
Chain 4: Iteration:  200 / 2400 [  8%]  (Warmup)
Chain 4: Iteration:  225 / 2400 [  9%]  (Warmup)
Chain 2: Iteration:  125 / 2400 [  5%]  (Warmup)
Chain 4: Iteration:  250 / 2400 [ 10%]  (Warmup)
Chain 3: Iteration:   75 / 2400 [  3%]  (Warmup)
Chain 2: Iteration:  150 / 2400 [  6%]  (Warmup)
Chain 4: Iteration:  275 / 2400 [ 11%]  (Warmup)
Chain 4: Iteration:  300 / 2400 [ 12%]  (Warmup)
Chain 2: Iteration:  175 / 2400 [  7%]  (Warmup)
Chain 4: Iteration:  325 / 2400 [ 13%]  (Warmup)
Chain 4: Iteration:  350 / 2400 [ 14%]  (Warmup)
Chain 2: Iteration:  200 / 2400 [  8%]  (Warmup)
Chain 4: Iteration:  375 / 2400 [ 15%]  (Warmup)
Chain 4: Iteration:  400 / 2400 [ 16%]  (Warmup)
Chain 2: Iteration:  225 / 2400 [  9%]  (Warmup)
Chain 4: Iteration:  425 / 2400 [ 17%]  (Warmup)
Chain 4: Iteration:  450 / 2400 [ 18%]  (Warmup)
Chain 2: Iteration:  250 / 2400 [ 10%]  (Warmup)
Chain 4: Iteration:  475 / 2400 [ 19%]  (Warmup)
Chain 2: Iteration:  275 / 2400 [ 11%]  (Warmup)
Chain 4: Iteration:  500 / 2400 [ 20%]  (Warmup)
Chain 2: Iteration:  300 / 2400 [ 12%]  (Warmup)
Chain 4: Iteration:  525 / 2400 [ 21%]  (Warmup)
Chain 2: Iteration:  325 / 2400 [ 13%]  (Warmup)
Chain 4: Iteration:  550 / 2400 [ 22%]  (Warmup)
Chain 2: Iteration:  350 / 2400 [ 14%]  (Warmup)
Chain 4: Iteration:  575 / 2400 [ 23%]  (Warmup)
Chain 4: Iteration:  600 / 2400 [ 25%]  (Warmup)
Chain 2: Iteration:  375 / 2400 [ 15%]  (Warmup)
Chain 4: Iteration:  625 / 2400 [ 26%]  (Warmup)
Chain 2: Iteration:  400 / 2400 [ 16%]  (Warmup)
Chain 4: Iteration:  650 / 2400 [ 27%]  (Warmup)
Chain 4: Iteration:  675 / 2400 [ 28%]  (Warmup)
Chain 2: Iteration:  425 / 2400 [ 17%]  (Warmup)
Chain 4: Iteration:  700 / 2400 [ 29%]  (Warmup)
Chain 4: Iteration:  725 / 2400 [ 30%]  (Warmup)
Chain 2: Iteration:  450 / 2400 [ 18%]  (Warmup)
Chain 4: Iteration:  750 / 2400 [ 31%]  (Warmup)
Chain 2: Iteration:  475 / 2400 [ 19%]  (Warmup)
Chain 4: Iteration:  775 / 2400 [ 32%]  (Warmup)
Chain 2: Iteration:  500 / 2400 [ 20%]  (Warmup)
Chain 4: Iteration:  800 / 2400 [ 33%]  (Warmup)
Chain 2: Iteration:  525 / 2400 [ 21%]  (Warmup)
Chain 4: Iteration:  825 / 2400 [ 34%]  (Warmup)
Chain 2: Iteration:  550 / 2400 [ 22%]  (Warmup)
Chain 4: Iteration:  850 / 2400 [ 35%]  (Warmup)
Chain 2: Iteration:  575 / 2400 [ 23%]  (Warmup)
Chain 4: Iteration:  875 / 2400 [ 36%]  (Warmup)
Chain 2: Iteration:  600 / 2400 [ 25%]  (Warmup)
Chain 4: Iteration:  900 / 2400 [ 37%]  (Warmup)
Chain 2: Iteration:  625 / 2400 [ 26%]  (Warmup)
Chain 4: Iteration:  925 / 2400 [ 38%]  (Warmup)
Chain 2: Iteration:  650 / 2400 [ 27%]  (Warmup)
Chain 4: Iteration:  950 / 2400 [ 39%]  (Warmup)
Chain 2: Iteration:  675 / 2400 [ 28%]  (Warmup)
Chain 4: Iteration:  975 / 2400 [ 40%]  (Warmup)
Chain 2: Iteration:  700 / 2400 [ 29%]  (Warmup)
Chain 4: Iteration: 1000 / 2400 [ 41%]  (Warmup)
Chain 2: Iteration:  725 / 2400 [ 30%]  (Warmup)
Chain 4: Iteration: 1025 / 2400 [ 42%]  (Warmup)
Chain 2: Iteration:  750 / 2400 [ 31%]  (Warmup)
Chain 4: Iteration: 1050 / 2400 [ 43%]  (Warmup)
Chain 2: Iteration:  775 / 2400 [ 32%]  (Warmup)
Chain 4: Iteration: 1075 / 2400 [ 44%]  (Warmup)
Chain 2: Iteration:  800 / 2400 [ 33%]  (Warmup)
Chain 4: Iteration: 1100 / 2400 [ 45%]  (Warmup)
Chain 2: Iteration:  825 / 2400 [ 34%]  (Warmup)
Chain 4: Iteration: 1125 / 2400 [ 46%]  (Warmup)
Chain 2: Iteration:  850 / 2400 [ 35%]  (Warmup)
Chain 4: Iteration: 1150 / 2400 [ 47%]  (Warmup)
Chain 2: Iteration:  875 / 2400 [ 36%]  (Warmup)
Chain 4: Iteration: 1175 / 2400 [ 48%]  (Warmup)
Chain 2: Iteration:  900 / 2400 [ 37%]  (Warmup)
Chain 4: Iteration: 1200 / 2400 [ 50%]  (Warmup)
Chain 2: Iteration:  925 / 2400 [ 38%]  (Warmup)
Chain 4: Iteration: 1225 / 2400 [ 51%]  (Warmup)
Chain 2: Iteration:  950 / 2400 [ 39%]  (Warmup)
Chain 4: Iteration: 1250 / 2400 [ 52%]  (Warmup)
Chain 2: Iteration:  975 / 2400 [ 40%]  (Warmup)
Chain 4: Iteration: 1275 / 2400 [ 53%]  (Warmup)
Chain 2: Iteration: 1000 / 2400 [ 41%]  (Warmup)
Chain 4: Iteration: 1300 / 2400 [ 54%]  (Warmup)
Chain 2: Iteration: 1025 / 2400 [ 42%]  (Warmup)
Chain 2: Iteration: 1050 / 2400 [ 43%]  (Warmup)
Chain 4: Iteration: 1325 / 2400 [ 55%]  (Warmup)
Chain 2: Iteration: 1075 / 2400 [ 44%]  (Warmup)
Chain 4: Iteration: 1350 / 2400 [ 56%]  (Warmup)
Chain 2: Iteration: 1100 / 2400 [ 45%]  (Warmup)
Chain 1: Iteration:  100 / 2400 [  4%]  (Warmup)
Chain 4: Iteration: 1375 / 2400 [ 57%]  (Warmup)
Chain 2: Iteration: 1125 / 2400 [ 46%]  (Warmup)
Chain 4: Iteration: 1400 / 2400 [ 58%]  (Warmup)
Chain 2: Iteration: 1150 / 2400 [ 47%]  (Warmup)
Chain 4: Iteration: 1425 / 2400 [ 59%]  (Warmup)
Chain 2: Iteration: 1175 / 2400 [ 48%]  (Warmup)
Chain 4: Iteration: 1450 / 2400 [ 60%]  (Warmup)
Chain 2: Iteration: 1200 / 2400 [ 50%]  (Warmup)
Chain 4: Iteration: 1475 / 2400 [ 61%]  (Warmup)
Chain 2: Iteration: 1225 / 2400 [ 51%]  (Warmup)
Chain 4: Iteration: 1500 / 2400 [ 62%]  (Warmup)
Chain 2: Iteration: 1250 / 2400 [ 52%]  (Warmup)
Chain 4: Iteration: 1525 / 2400 [ 63%]  (Warmup)
Chain 2: Iteration: 1275 / 2400 [ 53%]  (Warmup)
Chain 4: Iteration: 1550 / 2400 [ 64%]  (Warmup)
Chain 2: Iteration: 1300 / 2400 [ 54%]  (Warmup)
Chain 4: Iteration: 1575 / 2400 [ 65%]  (Warmup)
Chain 2: Iteration: 1325 / 2400 [ 55%]  (Warmup)
Chain 4: Iteration: 1600 / 2400 [ 66%]  (Warmup)
Chain 4: Iteration: 1601 / 2400 [ 66%]  (Sampling)
Chain 1: Iteration:  125 / 2400 [  5%]  (Warmup)
Chain 2: Iteration: 1350 / 2400 [ 56%]  (Warmup)
Chain 4: Iteration: 1625 / 2400 [ 67%]  (Sampling)
Chain 4: Iteration: 1650 / 2400 [ 68%]  (Sampling)
Chain 2: Iteration: 1375 / 2400 [ 57%]  (Warmup)
Chain 4: Iteration: 1675 / 2400 [ 69%]  (Sampling)
Chain 4: Iteration: 1700 / 2400 [ 70%]  (Sampling)
Chain 2: Iteration: 1400 / 2400 [ 58%]  (Warmup)
Chain 4: Iteration: 1725 / 2400 [ 71%]  (Sampling)
Chain 2: Iteration: 1425 / 2400 [ 59%]  (Warmup)
Chain 4: Iteration: 1750 / 2400 [ 72%]  (Sampling)
Chain 4: Iteration: 1775 / 2400 [ 73%]  (Sampling)
Chain 2: Iteration: 1450 / 2400 [ 60%]  (Warmup)
Chain 4: Iteration: 1800 / 2400 [ 75%]  (Sampling)
Chain 4: Iteration: 1825 / 2400 [ 76%]  (Sampling)
Chain 2: Iteration: 1475 / 2400 [ 61%]  (Warmup)
Chain 4: Iteration: 1850 / 2400 [ 77%]  (Sampling)
Chain 1: Iteration:  150 / 2400 [  6%]  (Warmup)
Chain 2: Iteration: 1500 / 2400 [ 62%]  (Warmup)
Chain 4: Iteration: 1875 / 2400 [ 78%]  (Sampling)
Chain 4: Iteration: 1900 / 2400 [ 79%]  (Sampling)
Chain 2: Iteration: 1525 / 2400 [ 63%]  (Warmup)
Chain 4: Iteration: 1925 / 2400 [ 80%]  (Sampling)
Chain 4: Iteration: 1950 / 2400 [ 81%]  (Sampling)
Chain 2: Iteration: 1550 / 2400 [ 64%]  (Warmup)
Chain 4: Iteration: 1975 / 2400 [ 82%]  (Sampling)
Chain 3: Iteration:  100 / 2400 [  4%]  (Warmup)
Chain 2: Iteration: 1575 / 2400 [ 65%]  (Warmup)
Chain 4: Iteration: 2000 / 2400 [ 83%]  (Sampling)
Chain 2: Iteration: 1600 / 2400 [ 66%]  (Warmup)
Chain 2: Iteration: 1601 / 2400 [ 66%]  (Sampling)
Chain 4: Iteration: 2025 / 2400 [ 84%]  (Sampling)
Chain 2: Iteration: 1625 / 2400 [ 67%]  (Sampling)
Chain 4: Iteration: 2050 / 2400 [ 85%]  (Sampling)
Chain 1: Iteration:  175 / 2400 [  7%]  (Warmup)
Chain 2: Iteration: 1650 / 2400 [ 68%]  (Sampling)
Chain 4: Iteration: 2075 / 2400 [ 86%]  (Sampling)
Chain 2: Iteration: 1675 / 2400 [ 69%]  (Sampling)
Chain 4: Iteration: 2100 / 2400 [ 87%]  (Sampling)
Chain 2: Iteration: 1700 / 2400 [ 70%]  (Sampling)
Chain 4: Iteration: 2125 / 2400 [ 88%]  (Sampling)
Chain 2: Iteration: 1725 / 2400 [ 71%]  (Sampling)
Chain 4: Iteration: 2150 / 2400 [ 89%]  (Sampling)
Chain 2: Iteration: 1750 / 2400 [ 72%]  (Sampling)
Chain 4: Iteration: 2175 / 2400 [ 90%]  (Sampling)
Chain 2: Iteration: 1775 / 2400 [ 73%]  (Sampling)
Chain 1: Iteration:  200 / 2400 [  8%]  (Warmup)
Chain 4: Iteration: 2200 / 2400 [ 91%]  (Sampling)
Chain 2: Iteration: 1800 / 2400 [ 75%]  (Sampling)
Chain 4: Iteration: 2225 / 2400 [ 92%]  (Sampling)
Chain 2: Iteration: 1825 / 2400 [ 76%]  (Sampling)
Chain 4: Iteration: 2250 / 2400 [ 93%]  (Sampling)
Chain 2: Iteration: 1850 / 2400 [ 77%]  (Sampling)
Chain 4: Iteration: 2275 / 2400 [ 94%]  (Sampling)
Chain 2: Iteration: 1875 / 2400 [ 78%]  (Sampling)
Chain 1: Iteration:  225 / 2400 [  9%]  (Warmup)
Chain 4: Iteration: 2300 / 2400 [ 95%]  (Sampling)
Chain 2: Iteration: 1900 / 2400 [ 79%]  (Sampling)
Chain 4: Iteration: 2325 / 2400 [ 96%]  (Sampling)
Chain 2: Iteration: 1925 / 2400 [ 80%]  (Sampling)
Chain 4: Iteration: 2350 / 2400 [ 97%]  (Sampling)
Chain 2: Iteration: 1950 / 2400 [ 81%]  (Sampling)
Chain 2: Iteration: 1975 / 2400 [ 82%]  (Sampling)
Chain 4: Iteration: 2375 / 2400 [ 98%]  (Sampling)
Chain 1: Iteration:  250 / 2400 [ 10%]  (Warmup)
Chain 2: Iteration: 2000 / 2400 [ 83%]  (Sampling)
Chain 4: Iteration: 2400 / 2400 [100%]  (Sampling)
Chain 4: 
Chain 4:  Elapsed Time: 283.384 seconds (Warm-up)
Chain 4:                19.672 seconds (Sampling)
Chain 4:                303.056 seconds (Total)
Chain 4: 
Chain 2: Iteration: 2025 / 2400 [ 84%]  (Sampling)
Chain 2: Iteration: 2050 / 2400 [ 85%]  (Sampling)
Chain 2: Iteration: 2075 / 2400 [ 86%]  (Sampling)
Chain 1: Iteration:  275 / 2400 [ 11%]  (Warmup)
Chain 2: Iteration: 2100 / 2400 [ 87%]  (Sampling)
Chain 2: Iteration: 2125 / 2400 [ 88%]  (Sampling)
Chain 2: Iteration: 2150 / 2400 [ 89%]  (Sampling)
Chain 1: Iteration:  300 / 2400 [ 12%]  (Warmup)
Chain 2: Iteration: 2175 / 2400 [ 90%]  (Sampling)
Chain 2: Iteration: 2200 / 2400 [ 91%]  (Sampling)
Chain 1: Iteration:  325 / 2400 [ 13%]  (Warmup)
Chain 2: Iteration: 2225 / 2400 [ 92%]  (Sampling)
Chain 2: Iteration: 2250 / 2400 [ 93%]  (Sampling)
Chain 1: Iteration:  350 / 2400 [ 14%]  (Warmup)
Chain 2: Iteration: 2275 / 2400 [ 94%]  (Sampling)
Chain 2: Iteration: 2300 / 2400 [ 95%]  (Sampling)
Chain 3: Iteration:  125 / 2400 [  5%]  (Warmup)
Chain 2: Iteration: 2325 / 2400 [ 96%]  (Sampling)
Chain 1: Iteration:  375 / 2400 [ 15%]  (Warmup)
Chain 2: Iteration: 2350 / 2400 [ 97%]  (Sampling)
Chain 2: Iteration: 2375 / 2400 [ 98%]  (Sampling)
Chain 2: Iteration: 2400 / 2400 [100%]  (Sampling)
Chain 2: 
Chain 2:  Elapsed Time: 294.948 seconds (Warm-up)
Chain 2:                17.822 seconds (Sampling)
Chain 2:                312.77 seconds (Total)
Chain 2: 
Chain 1: Iteration:  400 / 2400 [ 16%]  (Warmup)
Chain 1: Iteration:  425 / 2400 [ 17%]  (Warmup)
Chain 1: Iteration:  450 / 2400 [ 18%]  (Warmup)
Chain 3: Iteration:  150 / 2400 [  6%]  (Warmup)
Chain 1: Iteration:  475 / 2400 [ 19%]  (Warmup)
Chain 1: Iteration:  500 / 2400 [ 20%]  (Warmup)
Chain 1: Iteration:  525 / 2400 [ 21%]  (Warmup)
Chain 1: Iteration:  550 / 2400 [ 22%]  (Warmup)
Chain 1: Iteration:  575 / 2400 [ 23%]  (Warmup)
Chain 1: Iteration:  600 / 2400 [ 25%]  (Warmup)
Chain 3: Iteration:  175 / 2400 [  7%]  (Warmup)
Chain 1: Iteration:  625 / 2400 [ 26%]  (Warmup)
Chain 1: Iteration:  650 / 2400 [ 27%]  (Warmup)
Chain 1: Iteration:  675 / 2400 [ 28%]  (Warmup)
Chain 3: Iteration:  200 / 2400 [  8%]  (Warmup)
Chain 1: Iteration:  700 / 2400 [ 29%]  (Warmup)
Chain 1: Iteration:  725 / 2400 [ 30%]  (Warmup)
Chain 3: Iteration:  225 / 2400 [  9%]  (Warmup)
Chain 1: Iteration:  750 / 2400 [ 31%]  (Warmup)
Chain 1: Iteration:  775 / 2400 [ 32%]  (Warmup)
Chain 1: Iteration:  800 / 2400 [ 33%]  (Warmup)
Chain 3: Iteration:  250 / 2400 [ 10%]  (Warmup)
Chain 1: Iteration:  825 / 2400 [ 34%]  (Warmup)
Chain 1: Iteration:  850 / 2400 [ 35%]  (Warmup)
Chain 1: Iteration:  875 / 2400 [ 36%]  (Warmup)
Chain 3: Iteration:  275 / 2400 [ 11%]  (Warmup)
Chain 1: Iteration:  900 / 2400 [ 37%]  (Warmup)
Chain 1: Iteration:  925 / 2400 [ 38%]  (Warmup)
Chain 3: Iteration:  300 / 2400 [ 12%]  (Warmup)
Chain 1: Iteration:  950 / 2400 [ 39%]  (Warmup)
Chain 3: Iteration:  325 / 2400 [ 13%]  (Warmup)
Chain 1: Iteration:  975 / 2400 [ 40%]  (Warmup)
Chain 1: Iteration: 1000 / 2400 [ 41%]  (Warmup)
Chain 3: Iteration:  350 / 2400 [ 14%]  (Warmup)
Chain 1: Iteration: 1025 / 2400 [ 42%]  (Warmup)
Chain 1: Iteration: 1050 / 2400 [ 43%]  (Warmup)
Chain 3: Iteration:  375 / 2400 [ 15%]  (Warmup)
Chain 1: Iteration: 1075 / 2400 [ 44%]  (Warmup)
Chain 3: Iteration:  400 / 2400 [ 16%]  (Warmup)
Chain 1: Iteration: 1100 / 2400 [ 45%]  (Warmup)
Chain 3: Iteration:  425 / 2400 [ 17%]  (Warmup)
Chain 1: Iteration: 1125 / 2400 [ 46%]  (Warmup)
Chain 3: Iteration:  450 / 2400 [ 18%]  (Warmup)
Chain 1: Iteration: 1150 / 2400 [ 47%]  (Warmup)
Chain 1: Iteration: 1175 / 2400 [ 48%]  (Warmup)
Chain 3: Iteration:  475 / 2400 [ 19%]  (Warmup)
Chain 1: Iteration: 1200 / 2400 [ 50%]  (Warmup)
Chain 3: Iteration:  500 / 2400 [ 20%]  (Warmup)
Chain 1: Iteration: 1225 / 2400 [ 51%]  (Warmup)
Chain 3: Iteration:  525 / 2400 [ 21%]  (Warmup)
Chain 1: Iteration: 1250 / 2400 [ 52%]  (Warmup)
Chain 3: Iteration:  550 / 2400 [ 22%]  (Warmup)
Chain 1: Iteration: 1275 / 2400 [ 53%]  (Warmup)
Chain 1: Iteration: 1300 / 2400 [ 54%]  (Warmup)
Chain 3: Iteration:  575 / 2400 [ 23%]  (Warmup)
Chain 3: Iteration:  600 / 2400 [ 25%]  (Warmup)
Chain 1: Iteration: 1325 / 2400 [ 55%]  (Warmup)
Chain 3: Iteration:  625 / 2400 [ 26%]  (Warmup)
Chain 1: Iteration: 1350 / 2400 [ 56%]  (Warmup)
Chain 3: Iteration:  650 / 2400 [ 27%]  (Warmup)
Chain 1: Iteration: 1375 / 2400 [ 57%]  (Warmup)
Chain 3: Iteration:  675 / 2400 [ 28%]  (Warmup)
Chain 1: Iteration: 1400 / 2400 [ 58%]  (Warmup)
Chain 3: Iteration:  700 / 2400 [ 29%]  (Warmup)
Chain 1: Iteration: 1425 / 2400 [ 59%]  (Warmup)
Chain 3: Iteration:  725 / 2400 [ 30%]  (Warmup)
Chain 1: Iteration: 1450 / 2400 [ 60%]  (Warmup)
Chain 3: Iteration:  750 / 2400 [ 31%]  (Warmup)
Chain 1: Iteration: 1475 / 2400 [ 61%]  (Warmup)
Chain 3: Iteration:  775 / 2400 [ 32%]  (Warmup)
Chain 1: Iteration: 1500 / 2400 [ 62%]  (Warmup)
Chain 3: Iteration:  800 / 2400 [ 33%]  (Warmup)
Chain 1: Iteration: 1525 / 2400 [ 63%]  (Warmup)
Chain 3: Iteration:  825 / 2400 [ 34%]  (Warmup)
Chain 1: Iteration: 1550 / 2400 [ 64%]  (Warmup)
Chain 3: Iteration:  850 / 2400 [ 35%]  (Warmup)
Chain 1: Iteration: 1575 / 2400 [ 65%]  (Warmup)
Chain 1: Iteration: 1600 / 2400 [ 66%]  (Warmup)
Chain 1: Iteration: 1601 / 2400 [ 66%]  (Sampling)
Chain 3: Iteration:  875 / 2400 [ 36%]  (Warmup)
Chain 1: Iteration: 1625 / 2400 [ 67%]  (Sampling)
Chain 3: Iteration:  900 / 2400 [ 37%]  (Warmup)
Chain 1: Iteration: 1650 / 2400 [ 68%]  (Sampling)
Chain 1: Iteration: 1675 / 2400 [ 69%]  (Sampling)
Chain 3: Iteration:  925 / 2400 [ 38%]  (Warmup)
Chain 1: Iteration: 1700 / 2400 [ 70%]  (Sampling)
Chain 1: Iteration: 1725 / 2400 [ 71%]  (Sampling)
Chain 3: Iteration:  950 / 2400 [ 39%]  (Warmup)
Chain 1: Iteration: 1750 / 2400 [ 72%]  (Sampling)
Chain 1: Iteration: 1775 / 2400 [ 73%]  (Sampling)
Chain 3: Iteration:  975 / 2400 [ 40%]  (Warmup)
Chain 1: Iteration: 1800 / 2400 [ 75%]  (Sampling)
Chain 3: Iteration: 1000 / 2400 [ 41%]  (Warmup)
Chain 1: Iteration: 1825 / 2400 [ 76%]  (Sampling)
Chain 1: Iteration: 1850 / 2400 [ 77%]  (Sampling)
Chain 3: Iteration: 1025 / 2400 [ 42%]  (Warmup)
Chain 1: Iteration: 1875 / 2400 [ 78%]  (Sampling)
Chain 1: Iteration: 1900 / 2400 [ 79%]  (Sampling)
Chain 3: Iteration: 1050 / 2400 [ 43%]  (Warmup)
Chain 1: Iteration: 1925 / 2400 [ 80%]  (Sampling)
Chain 3: Iteration: 1075 / 2400 [ 44%]  (Warmup)
Chain 1: Iteration: 1950 / 2400 [ 81%]  (Sampling)
Chain 1: Iteration: 1975 / 2400 [ 82%]  (Sampling)
Chain 3: Iteration: 1100 / 2400 [ 45%]  (Warmup)
Chain 1: Iteration: 2000 / 2400 [ 83%]  (Sampling)
Chain 3: Iteration: 1125 / 2400 [ 46%]  (Warmup)
Chain 1: Iteration: 2025 / 2400 [ 84%]  (Sampling)
Chain 1: Iteration: 2050 / 2400 [ 85%]  (Sampling)
Chain 3: Iteration: 1150 / 2400 [ 47%]  (Warmup)
Chain 1: Iteration: 2075 / 2400 [ 86%]  (Sampling)
Chain 1: Iteration: 2100 / 2400 [ 87%]  (Sampling)
Chain 3: Iteration: 1175 / 2400 [ 48%]  (Warmup)
Chain 1: Iteration: 2125 / 2400 [ 88%]  (Sampling)
Chain 3: Iteration: 1200 / 2400 [ 50%]  (Warmup)
Chain 1: Iteration: 2150 / 2400 [ 89%]  (Sampling)
Chain 1: Iteration: 2175 / 2400 [ 90%]  (Sampling)
Chain 3: Iteration: 1225 / 2400 [ 51%]  (Warmup)
Chain 1: Iteration: 2200 / 2400 [ 91%]  (Sampling)
Chain 1: Iteration: 2225 / 2400 [ 92%]  (Sampling)
Chain 3: Iteration: 1250 / 2400 [ 52%]  (Warmup)
Chain 1: Iteration: 2250 / 2400 [ 93%]  (Sampling)
Chain 3: Iteration: 1275 / 2400 [ 53%]  (Warmup)
Chain 1: Iteration: 2275 / 2400 [ 94%]  (Sampling)
Chain 1: Iteration: 2300 / 2400 [ 95%]  (Sampling)
Chain 3: Iteration: 1300 / 2400 [ 54%]  (Warmup)
Chain 1: Iteration: 2325 / 2400 [ 96%]  (Sampling)
Chain 1: Iteration: 2350 / 2400 [ 97%]  (Sampling)
Chain 3: Iteration: 1325 / 2400 [ 55%]  (Warmup)
Chain 1: Iteration: 2375 / 2400 [ 98%]  (Sampling)
Chain 1: Iteration: 2400 / 2400 [100%]  (Sampling)
Chain 1: 
Chain 1:  Elapsed Time: 358.482 seconds (Warm-up)
Chain 1:                17.094 seconds (Sampling)
Chain 1:                375.576 seconds (Total)
Chain 1: 
Chain 3: Iteration: 1350 / 2400 [ 56%]  (Warmup)
Chain 3: Iteration: 1375 / 2400 [ 57%]  (Warmup)
Chain 3: Iteration: 1400 / 2400 [ 58%]  (Warmup)
Chain 3: Iteration: 1425 / 2400 [ 59%]  (Warmup)
Chain 3: Iteration: 1450 / 2400 [ 60%]  (Warmup)
Chain 3: Iteration: 1475 / 2400 [ 61%]  (Warmup)
Chain 3: Iteration: 1500 / 2400 [ 62%]  (Warmup)
Chain 3: Iteration: 1525 / 2400 [ 63%]  (Warmup)
Chain 3: Iteration: 1550 / 2400 [ 64%]  (Warmup)
Chain 3: Iteration: 1575 / 2400 [ 65%]  (Warmup)
Chain 3: Iteration: 1600 / 2400 [ 66%]  (Warmup)
Chain 3: Iteration: 1601 / 2400 [ 66%]  (Sampling)
Chain 3: Iteration: 1625 / 2400 [ 67%]  (Sampling)
Chain 3: Iteration: 1650 / 2400 [ 68%]  (Sampling)
Chain 3: Iteration: 1675 / 2400 [ 69%]  (Sampling)
Chain 3: Iteration: 1700 / 2400 [ 70%]  (Sampling)
Chain 3: Iteration: 1725 / 2400 [ 71%]  (Sampling)
Chain 3: Iteration: 1750 / 2400 [ 72%]  (Sampling)
Chain 3: Iteration: 1775 / 2400 [ 73%]  (Sampling)
Chain 3: Iteration: 1800 / 2400 [ 75%]  (Sampling)
Chain 3: Iteration: 1825 / 2400 [ 76%]  (Sampling)
Chain 3: Iteration: 1850 / 2400 [ 77%]  (Sampling)
Chain 3: Iteration: 1875 / 2400 [ 78%]  (Sampling)
Chain 3: Iteration: 1900 / 2400 [ 79%]  (Sampling)
Chain 3: Iteration: 1925 / 2400 [ 80%]  (Sampling)
Chain 3: Iteration: 1950 / 2400 [ 81%]  (Sampling)
Chain 3: Iteration: 1975 / 2400 [ 82%]  (Sampling)
Chain 3: Iteration: 2000 / 2400 [ 83%]  (Sampling)
Chain 3: Iteration: 2025 / 2400 [ 84%]  (Sampling)
Chain 3: Iteration: 2050 / 2400 [ 85%]  (Sampling)
Chain 3: Iteration: 2075 / 2400 [ 86%]  (Sampling)
Chain 3: Iteration: 2100 / 2400 [ 87%]  (Sampling)
Chain 3: Iteration: 2125 / 2400 [ 88%]  (Sampling)
Chain 3: Iteration: 2150 / 2400 [ 89%]  (Sampling)
Chain 3: Iteration: 2175 / 2400 [ 90%]  (Sampling)
Chain 3: Iteration: 2200 / 2400 [ 91%]  (Sampling)
Chain 3: Iteration: 2225 / 2400 [ 92%]  (Sampling)
Chain 3: Iteration: 2250 / 2400 [ 93%]  (Sampling)
Chain 3: Iteration: 2275 / 2400 [ 94%]  (Sampling)
Chain 3: Iteration: 2300 / 2400 [ 95%]  (Sampling)
Chain 3: Iteration: 2325 / 2400 [ 96%]  (Sampling)
Chain 3: Iteration: 2350 / 2400 [ 97%]  (Sampling)
Chain 3: Iteration: 2375 / 2400 [ 98%]  (Sampling)
Chain 3: Iteration: 2400 / 2400 [100%]  (Sampling)
Chain 3: 
Chain 3:  Elapsed Time: 382.446 seconds (Warm-up)
Chain 3:                16.683 seconds (Sampling)
Chain 3:                399.129 seconds (Total)
Chain 3: 
[bahia-q0.30] DONE | HMC gate: PASS | elapsed=426s | saved: C:/Users/user/OneDrive - London School of Hygiene and 
Tropical Medicine/Documents/GitHub/CHIK_CLIM/CHIK_CLIM/02_Script/40_renewal_model/30_bahia_v4_9_replication/outputs/q0.
30/renewal_bahia_v4_9_fit_q0.30.rds
