Rscript.exe : here() starts at C:/Users/user/OneDrive - London School of Hygiene and Tropical 
Medicine/Documents/GitHub/CHIK_CLIM/CHIK_CLIM
At line:9 char:3
+   & "C:\Program Files\R\R-4.3.3\bin\Rscript.exe" $script *> $log 2>&1
+   ~~~~~~~~~~~~~~~~~~~~~~~~~~~~~~~~~~~~~~~~~~~~~~~~~~~~~~~~~~~~~~~~~~~
    + CategoryInfo          : NotSpecified: (here() starts a..._CLIM/CHIK_CLIM:String) [], RemoteException
    + FullyQualifiedErrorId : NativeCommandError
 
here() starts at C:/Users/user/OneDrive - London School of Hygiene and Tropical 
Medicine/Documents/GitHub/CHIK_CLIM/CHIK_CLIM
here() starts at C:/Users/user/OneDrive - London School of Hygiene and Tropical 
Medicine/Documents/GitHub/CHIK_CLIM/CHIK_CLIM
here() starts at C:/Users/user/OneDrive - London School of Hygiene and Tropical 
Medicine/Documents/GitHub/CHIK_CLIM/CHIK_CLIM
[bahia-q0.15] frozen v4.9 structure, use_serology=0, no seed | q=0.15 | stage=full
starting worker pid=37808 on localhost:11820 at 18:57:48.629
starting worker pid=23964 on localhost:11820 at 18:57:48.731
starting worker pid=37732 on localhost:11820 at 18:57:48.835
starting worker pid=45248 on localhost:11820 at 18:57:48.984

SAMPLING FOR MODEL 'anon_model' NOW (CHAIN 1).
Chain 1: 
Chain 1: Gradient evaluation took 0.000933 seconds
Chain 1: 1000 transitions using 10 leapfrog steps per transition would take 9.33 seconds.
Chain 1: Adjust your expectations accordingly!
Chain 1: 
Chain 1: 
Chain 1: Iteration:    1 / 1200 [  0%]  (Warmup)

SAMPLING FOR MODEL 'anon_model' NOW (CHAIN 2).
Chain 2: 
Chain 2: Gradient evaluation took 0.000831 seconds
Chain 2: 1000 transitions using 10 leapfrog steps per transition would take 8.31 seconds.
Chain 2: Adjust your expectations accordingly!
Chain 2: 
Chain 2: 
Chain 2: Iteration:    1 / 1200 [  0%]  (Warmup)

SAMPLING FOR MODEL 'anon_model' NOW (CHAIN 3).

SAMPLING FOR MODEL 'anon_model' NOW (CHAIN 4).
Chain 3: 
Chain 3: Gradient evaluation took 0.00108 seconds
Chain 3: 1000 transitions using 10 leapfrog steps per transition would take 10.8 seconds.
Chain 3: Adjust your expectations accordingly!
Chain 3: 
Chain 3: 
Chain 3: Iteration:    1 / 1200 [  0%]  (Warmup)
Chain 2: Iteration:   25 / 1200 [  2%]  (Warmup)
Chain 4: 
Chain 4: Gradient evaluation took 0.000866 seconds
Chain 4: 1000 transitions using 10 leapfrog steps per transition would take 8.66 seconds.
Chain 4: Adjust your expectations accordingly!
Chain 4: 
Chain 4: 
Chain 4: Iteration:    1 / 1200 [  0%]  (Warmup)
Chain 4: Iteration:   25 / 1200 [  2%]  (Warmup)
Chain 3: Iteration:   25 / 1200 [  2%]  (Warmup)
Chain 1: Iteration:   25 / 1200 [  2%]  (Warmup)
Chain 4: Iteration:   50 / 1200 [  4%]  (Warmup)
Chain 2: Iteration:   50 / 1200 [  4%]  (Warmup)
Chain 3: Iteration:   50 / 1200 [  4%]  (Warmup)
Chain 1: Iteration:   50 / 1200 [  4%]  (Warmup)
Chain 4: Iteration:   75 / 1200 [  6%]  (Warmup)
Chain 3: Iteration:   75 / 1200 [  6%]  (Warmup)
Chain 1: Iteration:   75 / 1200 [  6%]  (Warmup)
Chain 2: Iteration:   75 / 1200 [  6%]  (Warmup)
Chain 4: Iteration:  100 / 1200 [  8%]  (Warmup)
Chain 1: Iteration:  100 / 1200 [  8%]  (Warmup)
Chain 4: Iteration:  125 / 1200 [ 10%]  (Warmup)
Chain 4: Iteration:  150 / 1200 [ 12%]  (Warmup)
Chain 1: Iteration:  125 / 1200 [ 10%]  (Warmup)
Chain 3: Iteration:  100 / 1200 [  8%]  (Warmup)
Chain 4: Iteration:  175 / 1200 [ 14%]  (Warmup)
Chain 1: Iteration:  150 / 1200 [ 12%]  (Warmup)
Chain 4: Iteration:  200 / 1200 [ 16%]  (Warmup)
Chain 1: Iteration:  175 / 1200 [ 14%]  (Warmup)
Chain 4: Iteration:  225 / 1200 [ 18%]  (Warmup)
Chain 1: Iteration:  200 / 1200 [ 16%]  (Warmup)
Chain 4: Iteration:  250 / 1200 [ 20%]  (Warmup)
Chain 3: Iteration:  125 / 1200 [ 10%]  (Warmup)
Chain 1: Iteration:  225 / 1200 [ 18%]  (Warmup)
Chain 4: Iteration:  275 / 1200 [ 22%]  (Warmup)
Chain 1: Iteration:  250 / 1200 [ 20%]  (Warmup)
Chain 4: Iteration:  300 / 1200 [ 25%]  (Warmup)
Chain 4: Iteration:  325 / 1200 [ 27%]  (Warmup)
Chain 3: Iteration:  150 / 1200 [ 12%]  (Warmup)
Chain 1: Iteration:  275 / 1200 [ 22%]  (Warmup)
Chain 4: Iteration:  350 / 1200 [ 29%]  (Warmup)
Chain 1: Iteration:  300 / 1200 [ 25%]  (Warmup)
Chain 4: Iteration:  375 / 1200 [ 31%]  (Warmup)
Chain 4: Iteration:  400 / 1200 [ 33%]  (Warmup)
Chain 1: Iteration:  325 / 1200 [ 27%]  (Warmup)
Chain 4: Iteration:  425 / 1200 [ 35%]  (Warmup)
Chain 3: Iteration:  175 / 1200 [ 14%]  (Warmup)
Chain 1: Iteration:  350 / 1200 [ 29%]  (Warmup)
Chain 4: Iteration:  450 / 1200 [ 37%]  (Warmup)
Chain 1: Iteration:  375 / 1200 [ 31%]  (Warmup)
Chain 4: Iteration:  475 / 1200 [ 39%]  (Warmup)
Chain 3: Iteration:  200 / 1200 [ 16%]  (Warmup)
Chain 1: Iteration:  400 / 1200 [ 33%]  (Warmup)
Chain 4: Iteration:  500 / 1200 [ 41%]  (Warmup)
Chain 2: Iteration:  100 / 1200 [  8%]  (Warmup)
Chain 1: Iteration:  425 / 1200 [ 35%]  (Warmup)
Chain 4: Iteration:  525 / 1200 [ 43%]  (Warmup)
Chain 3: Iteration:  225 / 1200 [ 18%]  (Warmup)
Chain 1: Iteration:  450 / 1200 [ 37%]  (Warmup)
Chain 4: Iteration:  550 / 1200 [ 45%]  (Warmup)
Chain 1: Iteration:  475 / 1200 [ 39%]  (Warmup)
Chain 4: Iteration:  575 / 1200 [ 47%]  (Warmup)
Chain 1: Iteration:  500 / 1200 [ 41%]  (Warmup)
Chain 4: Iteration:  600 / 1200 [ 50%]  (Warmup)
Chain 3: Iteration:  250 / 1200 [ 20%]  (Warmup)
Chain 4: Iteration:  625 / 1200 [ 52%]  (Warmup)
Chain 1: Iteration:  525 / 1200 [ 43%]  (Warmup)
Chain 3: Iteration:  275 / 1200 [ 22%]  (Warmup)
Chain 4: Iteration:  650 / 1200 [ 54%]  (Warmup)
Chain 1: Iteration:  550 / 1200 [ 45%]  (Warmup)
Chain 4: Iteration:  675 / 1200 [ 56%]  (Warmup)
Chain 3: Iteration:  300 / 1200 [ 25%]  (Warmup)
Chain 1: Iteration:  575 / 1200 [ 47%]  (Warmup)
Chain 2: Iteration:  125 / 1200 [ 10%]  (Warmup)
Chain 4: Iteration:  700 / 1200 [ 58%]  (Warmup)
Chain 3: Iteration:  325 / 1200 [ 27%]  (Warmup)
Chain 1: Iteration:  600 / 1200 [ 50%]  (Warmup)
Chain 4: Iteration:  725 / 1200 [ 60%]  (Warmup)
Chain 1: Iteration:  625 / 1200 [ 52%]  (Warmup)
Chain 3: Iteration:  350 / 1200 [ 29%]  (Warmup)
Chain 4: Iteration:  750 / 1200 [ 62%]  (Warmup)
Chain 1: Iteration:  650 / 1200 [ 54%]  (Warmup)
Chain 3: Iteration:  375 / 1200 [ 31%]  (Warmup)
Chain 2: Iteration:  150 / 1200 [ 12%]  (Warmup)
Chain 1: Iteration:  675 / 1200 [ 56%]  (Warmup)
Chain 4: Iteration:  775 / 1200 [ 64%]  (Warmup)
Chain 3: Iteration:  400 / 1200 [ 33%]  (Warmup)
Chain 4: Iteration:  800 / 1200 [ 66%]  (Warmup)
Chain 4: Iteration:  801 / 1200 [ 66%]  (Sampling)
Chain 1: Iteration:  700 / 1200 [ 58%]  (Warmup)
Chain 4: Iteration:  825 / 1200 [ 68%]  (Sampling)
Chain 3: Iteration:  425 / 1200 [ 35%]  (Warmup)
Chain 4: Iteration:  850 / 1200 [ 70%]  (Sampling)
Chain 4: Iteration:  875 / 1200 [ 72%]  (Sampling)
Chain 1: Iteration:  725 / 1200 [ 60%]  (Warmup)
Chain 3: Iteration:  450 / 1200 [ 37%]  (Warmup)
Chain 4: Iteration:  900 / 1200 [ 75%]  (Sampling)
Chain 1: Iteration:  750 / 1200 [ 62%]  (Warmup)
Chain 4: Iteration:  925 / 1200 [ 77%]  (Sampling)
Chain 2: Iteration:  175 / 1200 [ 14%]  (Warmup)
Chain 3: Iteration:  475 / 1200 [ 39%]  (Warmup)
Chain 1: Iteration:  775 / 1200 [ 64%]  (Warmup)
Chain 4: Iteration:  950 / 1200 [ 79%]  (Sampling)
Chain 4: Iteration:  975 / 1200 [ 81%]  (Sampling)
Chain 1: Iteration:  800 / 1200 [ 66%]  (Warmup)
Chain 1: Iteration:  801 / 1200 [ 66%]  (Sampling)
Chain 3: Iteration:  500 / 1200 [ 41%]  (Warmup)
Chain 4: Iteration: 1000 / 1200 [ 83%]  (Sampling)
Chain 1: Iteration:  825 / 1200 [ 68%]  (Sampling)
Chain 2: Iteration:  200 / 1200 [ 16%]  (Warmup)
Chain 4: Iteration: 1025 / 1200 [ 85%]  (Sampling)
Chain 1: Iteration:  850 / 1200 [ 70%]  (Sampling)
Chain 3: Iteration:  525 / 1200 [ 43%]  (Warmup)
Chain 4: Iteration: 1050 / 1200 [ 87%]  (Sampling)
Chain 1: Iteration:  875 / 1200 [ 72%]  (Sampling)
Chain 4: Iteration: 1075 / 1200 [ 89%]  (Sampling)
Chain 1: Iteration:  900 / 1200 [ 75%]  (Sampling)
Chain 3: Iteration:  550 / 1200 [ 45%]  (Warmup)
Chain 2: Iteration:  225 / 1200 [ 18%]  (Warmup)
Chain 4: Iteration: 1100 / 1200 [ 91%]  (Sampling)
Chain 1: Iteration:  925 / 1200 [ 77%]  (Sampling)
Chain 4: Iteration: 1125 / 1200 [ 93%]  (Sampling)
Chain 1: Iteration:  950 / 1200 [ 79%]  (Sampling)
Chain 3: Iteration:  575 / 1200 [ 47%]  (Warmup)
Chain 4: Iteration: 1150 / 1200 [ 95%]  (Sampling)
Chain 1: Iteration:  975 / 1200 [ 81%]  (Sampling)
Chain 4: Iteration: 1175 / 1200 [ 97%]  (Sampling)
Chain 1: Iteration: 1000 / 1200 [ 83%]  (Sampling)
Chain 2: Iteration:  250 / 1200 [ 20%]  (Warmup)
Chain 3: Iteration:  600 / 1200 [ 50%]  (Warmup)
Chain 4: Iteration: 1200 / 1200 [100%]  (Sampling)
Chain 4: 
Chain 4:  Elapsed Time: 226.754 seconds (Warm-up)
Chain 4:                9.23 seconds (Sampling)
Chain 4:                235.984 seconds (Total)
Chain 4: 
Chain 1: Iteration: 1025 / 1200 [ 85%]  (Sampling)
Chain 1: Iteration: 1050 / 1200 [ 87%]  (Sampling)
Chain 3: Iteration:  625 / 1200 [ 52%]  (Warmup)
Chain 1: Iteration: 1075 / 1200 [ 89%]  (Sampling)
Chain 1: Iteration: 1100 / 1200 [ 91%]  (Sampling)
Chain 3: Iteration:  650 / 1200 [ 54%]  (Warmup)
Chain 2: Iteration:  275 / 1200 [ 22%]  (Warmup)
Chain 1: Iteration: 1125 / 1200 [ 93%]  (Sampling)
Chain 1: Iteration: 1150 / 1200 [ 95%]  (Sampling)
Chain 3: Iteration:  675 / 1200 [ 56%]  (Warmup)
Chain 1: Iteration: 1175 / 1200 [ 97%]  (Sampling)
Chain 2: Iteration:  300 / 1200 [ 25%]  (Warmup)
Chain 1: Iteration: 1200 / 1200 [100%]  (Sampling)
Chain 1: 
Chain 1:  Elapsed Time: 231.891 seconds (Warm-up)
Chain 1:                9.165 seconds (Sampling)
Chain 1:                241.056 seconds (Total)
Chain 1: 
Chain 3: Iteration:  700 / 1200 [ 58%]  (Warmup)
Chain 2: Iteration:  325 / 1200 [ 27%]  (Warmup)
Chain 3: Iteration:  725 / 1200 [ 60%]  (Warmup)
Chain 2: Iteration:  350 / 1200 [ 29%]  (Warmup)
Chain 3: Iteration:  750 / 1200 [ 62%]  (Warmup)
Chain 2: Iteration:  375 / 1200 [ 31%]  (Warmup)
Chain 3: Iteration:  775 / 1200 [ 64%]  (Warmup)
Chain 3: Iteration:  800 / 1200 [ 66%]  (Warmup)
Chain 3: Iteration:  801 / 1200 [ 66%]  (Sampling)
Chain 3: Iteration:  825 / 1200 [ 68%]  (Sampling)
Chain 2: Iteration:  400 / 1200 [ 33%]  (Warmup)
Chain 3: Iteration:  850 / 1200 [ 70%]  (Sampling)
Chain 2: Iteration:  425 / 1200 [ 35%]  (Warmup)
Chain 3: Iteration:  875 / 1200 [ 72%]  (Sampling)
Chain 3: Iteration:  900 / 1200 [ 75%]  (Sampling)
Chain 2: Iteration:  450 / 1200 [ 37%]  (Warmup)
Chain 3: Iteration:  925 / 1200 [ 77%]  (Sampling)
Chain 3: Iteration:  950 / 1200 [ 79%]  (Sampling)
Chain 2: Iteration:  475 / 1200 [ 39%]  (Warmup)
Chain 3: Iteration:  975 / 1200 [ 81%]  (Sampling)
Chain 3: Iteration: 1000 / 1200 [ 83%]  (Sampling)
Chain 2: Iteration:  500 / 1200 [ 41%]  (Warmup)
Chain 3: Iteration: 1025 / 1200 [ 85%]  (Sampling)
Chain 3: Iteration: 1050 / 1200 [ 87%]  (Sampling)
Chain 2: Iteration:  525 / 1200 [ 43%]  (Warmup)
Chain 3: Iteration: 1075 / 1200 [ 89%]  (Sampling)
Chain 3: Iteration: 1100 / 1200 [ 91%]  (Sampling)
Chain 2: Iteration:  550 / 1200 [ 45%]  (Warmup)
Chain 3: Iteration: 1125 / 1200 [ 93%]  (Sampling)
Chain 3: Iteration: 1150 / 1200 [ 95%]  (Sampling)
Chain 2: Iteration:  575 / 1200 [ 47%]  (Warmup)
Chain 3: Iteration: 1175 / 1200 [ 97%]  (Sampling)
Chain 3: Iteration: 1200 / 1200 [100%]  (Sampling)
Chain 3: 
Chain 3:  Elapsed Time: 244.01 seconds (Warm-up)
Chain 3:                8.332 seconds (Sampling)
Chain 3:                252.342 seconds (Total)
Chain 3: 
Chain 2: Iteration:  600 / 1200 [ 50%]  (Warmup)
Chain 2: Iteration:  625 / 1200 [ 52%]  (Warmup)
Chain 2: Iteration:  650 / 1200 [ 54%]  (Warmup)
Chain 2: Iteration:  675 / 1200 [ 56%]  (Warmup)
Chain 2: Iteration:  700 / 1200 [ 58%]  (Warmup)
Chain 2: Iteration:  725 / 1200 [ 60%]  (Warmup)
Chain 2: Iteration:  750 / 1200 [ 62%]  (Warmup)
Chain 2: Iteration:  775 / 1200 [ 64%]  (Warmup)
Chain 2: Iteration:  800 / 1200 [ 66%]  (Warmup)
Chain 2: Iteration:  801 / 1200 [ 66%]  (Sampling)
Chain 2: Iteration:  825 / 1200 [ 68%]  (Sampling)
Chain 2: Iteration:  850 / 1200 [ 70%]  (Sampling)
Chain 2: Iteration:  875 / 1200 [ 72%]  (Sampling)
Chain 2: Iteration:  900 / 1200 [ 75%]  (Sampling)
Chain 2: Iteration:  925 / 1200 [ 77%]  (Sampling)
Chain 2: Iteration:  950 / 1200 [ 79%]  (Sampling)
Chain 2: Iteration:  975 / 1200 [ 81%]  (Sampling)
Chain 2: Iteration: 1000 / 1200 [ 83%]  (Sampling)
Chain 2: Iteration: 1025 / 1200 [ 85%]  (Sampling)
Chain 2: Iteration: 1050 / 1200 [ 87%]  (Sampling)
Chain 2: Iteration: 1075 / 1200 [ 89%]  (Sampling)
Chain 2: Iteration: 1100 / 1200 [ 91%]  (Sampling)
Chain 2: Iteration: 1125 / 1200 [ 93%]  (Sampling)
Chain 2: Iteration: 1150 / 1200 [ 95%]  (Sampling)
Chain 2: Iteration: 1175 / 1200 [ 97%]  (Sampling)
Chain 2: Iteration: 1200 / 1200 [100%]  (Sampling)
Chain 2: 
Chain 2:  Elapsed Time: 261.552 seconds (Warm-up)
Chain 2:                8.692 seconds (Sampling)
Chain 2:                270.244 seconds (Total)
Chain 2: 
[bahia-q0.15] DONE | HMC gate: PASS | elapsed=286s | saved: C:/Users/user/OneDrive - London School of Hygiene and 
Tropical Medicine/Documents/GitHub/CHIK_CLIM/CHIK_CLIM/02_Script/40_renewal_model/30_bahia_v4_9_replication/outputs/q0.
15/renewal_bahia_v4_9_fit_q0.15.rds
