Rscript.exe : here() starts at C:/Users/user/OneDrive - London School of Hygiene and Tropical 
Medicine/Documents/GitHub/CHIK_CLIM/CHIK_CLIM
At line:8 char:1
+ & "C:\Program Files\R\R-4.3.3\bin\Rscript.exe" $script *> $log 2>&1
+ ~~~~~~~~~~~~~~~~~~~~~~~~~~~~~~~~~~~~~~~~~~~~~~~~~~~~~~~~~~~~~~~~~~~
    + CategoryInfo          : NotSpecified: (here() starts a..._CLIM/CHIK_CLIM:String) [], RemoteException
    + FullyQualifiedErrorId : NativeCommandError
 
here() starts at C:/Users/user/OneDrive - London School of Hygiene and Tropical 
Medicine/Documents/GitHub/CHIK_CLIM/CHIK_CLIM
here() starts at C:/Users/user/OneDrive - London School of Hygiene and Tropical 
Medicine/Documents/GitHub/CHIK_CLIM/CHIK_CLIM
here() starts at C:/Users/user/OneDrive - London School of Hygiene and Tropical 
Medicine/Documents/GitHub/CHIK_CLIM/CHIK_CLIM
here() starts at C:/Users/user/OneDrive - London School of Hygiene and Tropical 
Medicine/Documents/GitHub/CHIK_CLIM/CHIK_CLIM
here() starts at C:/Users/user/OneDrive - London School of Hygiene and Tropical 
Medicine/Documents/GitHub/CHIK_CLIM/CHIK_CLIM
here() starts at C:/Users/user/OneDrive - London School of Hygiene and Tropical 
Medicine/Documents/GitHub/CHIK_CLIM/CHIK_CLIM
here() starts at C:/Users/user/OneDrive - London School of Hygiene and Tropical 
Medicine/Documents/GitHub/CHIK_CLIM/CHIK_CLIM
[q0.20] v4.9 hierarchical-seasonality FULL PERIOD (2015-2025) | q=0.2
[q0.20] seed window: 2022-01-02 to 2022-02-20 (8 weeks) | N_fit=565 of N=573
starting worker pid=41920 on localhost:11359 at 15:16:21.561
starting worker pid=36080 on localhost:11359 at 15:16:21.713
starting worker pid=47156 on localhost:11359 at 15:16:21.849
starting worker pid=45692 on localhost:11359 at 15:16:21.982

SAMPLING FOR MODEL 'anon_model' NOW (CHAIN 1).
Chain 1: 
Chain 1: Gradient evaluation took 0.001936 seconds
Chain 1: 1000 transitions using 10 leapfrog steps per transition would take 19.36 seconds.
Chain 1: Adjust your expectations accordingly!
Chain 1: 
Chain 1: 
Chain 1: Iteration:    1 / 1200 [  0%]  (Warmup)

SAMPLING FOR MODEL 'anon_model' NOW (CHAIN 2).
Chain 2: 
Chain 2: Gradient evaluation took 0.002287 seconds
Chain 2: 1000 transitions using 10 leapfrog steps per transition would take 22.87 seconds.
Chain 2: Adjust your expectations accordingly!
Chain 2: 
Chain 2: 
Chain 2: Iteration:    1 / 1200 [  0%]  (Warmup)

SAMPLING FOR MODEL 'anon_model' NOW (CHAIN 3).
Chain 3: 
Chain 3: Gradient evaluation took 0.001978 seconds
Chain 3: 1000 transitions using 10 leapfrog steps per transition would take 19.78 seconds.
Chain 3: Adjust your expectations accordingly!
Chain 3: 
Chain 3: 
Chain 3: Iteration:    1 / 1200 [  0%]  (Warmup)

SAMPLING FOR MODEL 'anon_model' NOW (CHAIN 4).
Chain 4: 
Chain 4: Gradient evaluation took 0.002033 seconds
Chain 4: 1000 transitions using 10 leapfrog steps per transition would take 20.33 seconds.
Chain 4: Adjust your expectations accordingly!
Chain 4: 
Chain 4: 
Chain 4: Iteration:    1 / 1200 [  0%]  (Warmup)
Chain 2: Iteration:   25 / 1200 [  2%]  (Warmup)
Chain 1: Iteration:   25 / 1200 [  2%]  (Warmup)
Chain 4: Iteration:   25 / 1200 [  2%]  (Warmup)
Chain 3: Iteration:   25 / 1200 [  2%]  (Warmup)
