Rscript.exe : here() starts at C:/Users/user/OneDrive - London School of Hygiene and Tropical 
Medicine/Documents/GitHub/CHIK_CLIM/CHIK_CLIM
At line:8 char:3
+   & "C:\Program Files\R\R-4.3.3\bin\Rscript.exe" $script *> $log 2>&1
+   ~~~~~~~~~~~~~~~~~~~~~~~~~~~~~~~~~~~~~~~~~~~~~~~~~~~~~~~~~~~~~~~~~~~
    + CategoryInfo          : NotSpecified: (here() starts a..._CLIM/CHIK_CLIM:String) [], RemoteException
    + FullyQualifiedErrorId : NativeCommandError
 
here() starts at C:/Users/user/OneDrive - London School of Hygiene and Tropical 
Medicine/Documents/GitHub/CHIK_CLIM/CHIK_CLIM
here() starts at C:/Users/user/OneDrive - London School of Hygiene and Tropical 
Medicine/Documents/GitHub/CHIK_CLIM/CHIK_CLIM
here() starts at C:/Users/user/OneDrive - London School of Hygiene and Tropical 
Medicine/Documents/GitHub/CHIK_CLIM/CHIK_CLIM
here() starts at C:/Users/user/OneDrive - London School of Hygiene and Tropical 
Medicine/Documents/GitHub/CHIK_CLIM/CHIK_CLIM
here() starts at C:/Users/user/OneDrive - London School of Hygiene and Tropical 
Medicine/Documents/GitHub/CHIK_CLIM/CHIK_CLIM
here() starts at C:/Users/user/OneDrive - London School of Hygiene and Tropical 
Medicine/Documents/GitHub/CHIK_CLIM/CHIK_CLIM
here() starts at C:/Users/user/OneDrive - London School of Hygiene and Tropical 
Medicine/Documents/GitHub/CHIK_CLIM/CHIK_CLIM
[q0.25] v4.9 hierarchical-seasonality FULL PERIOD (2015-2025) | q=0.25
[q0.25] seed window: 2022-01-02 to 2022-02-20 (8 weeks) | N_fit=565 of N=573
starting worker pid=47908 on localhost:11034 at 15:14:08.310
starting worker pid=37552 on localhost:11034 at 15:14:08.474
starting worker pid=46364 on localhost:11034 at 15:14:08.630
starting worker pid=23504 on localhost:11034 at 15:14:08.755

SAMPLING FOR MODEL 'anon_model' NOW (CHAIN 1).
Chain 1: 
Chain 1: Gradient evaluation took 0.001095 seconds
Chain 1: 1000 transitions using 10 leapfrog steps per transition would take 10.95 seconds.
Chain 1: Adjust your expectations accordingly!
Chain 1: 
Chain 1: 
Chain 1: Iteration:   1 / 600 [  0%]  (Warmup)

SAMPLING FOR MODEL 'anon_model' NOW (CHAIN 2).
Chain 2: 
Chain 2: Gradient evaluation took 0.001026 seconds
Chain 2: 1000 transitions using 10 leapfrog steps per transition would take 10.26 seconds.
Chain 2: Adjust your expectations accordingly!
Chain 2: 
Chain 2: 
Chain 2: Iteration:   1 / 600 [  0%]  (Warmup)

SAMPLING FOR MODEL 'anon_model' NOW (CHAIN 3).
Chain 3: 
Chain 3: Gradient evaluation took 0.001076 seconds
Chain 3: 1000 transitions using 10 leapfrog steps per transition would take 10.76 seconds.
Chain 3: Adjust your expectations accordingly!
Chain 3: 
Chain 3: 
Chain 3: Iteration:   1 / 600 [  0%]  (Warmup)

SAMPLING FOR MODEL 'anon_model' NOW (CHAIN 4).
Chain 4: 
Chain 4: Gradient evaluation took 0.001445 seconds
Chain 4: 1000 transitions using 10 leapfrog steps per transition would take 14.45 seconds.
Chain 4: Adjust your expectations accordingly!
Chain 4: 
Chain 4: 
Chain 4: Iteration:   1 / 600 [  0%]  (Warmup)
Chain 4: Iteration:  25 / 600 [  4%]  (Warmup)
Chain 3: Iteration:  25 / 600 [  4%]  (Warmup)
Chain 2: Iteration:  25 / 600 [  4%]  (Warmup)
Chain 1: Iteration:  25 / 600 [  4%]  (Warmup)
Chain 2: Iteration:  50 / 600 [  8%]  (Warmup)
Chain 3: Iteration:  50 / 600 [  8%]  (Warmup)
Chain 4: Iteration:  50 / 600 [  8%]  (Warmup)
Chain 1: Iteration:  50 / 600 [  8%]  (Warmup)
Chain 2: Iteration:  75 / 600 [ 12%]  (Warmup)
Chain 4: Iteration:  75 / 600 [ 12%]  (Warmup)
Chain 1: Iteration:  75 / 600 [ 12%]  (Warmup)
