Rscript.exe : here() starts at C:/Users/user/OneDrive - London School of Hygiene and Tropical 
Medicine/Documents/GitHub/CHIK_CLIM/CHIK_CLIM
At line:7 char:1
+ & "C:\Program Files\R\R-4.3.3\bin\Rscript.exe" $script *> $log 2>&1
+ ~~~~~~~~~~~~~~~~~~~~~~~~~~~~~~~~~~~~~~~~~~~~~~~~~~~~~~~~~~~~~~~~~~~
    + CategoryInfo          : NotSpecified: (here() starts a..._CLIM/CHIK_CLIM:String) [], RemoteException
    + FullyQualifiedErrorId : NativeCommandError
 
here() starts at C:/Users/user/OneDrive - London School of Hygiene and Tropical 
Medicine/Documents/GitHub/CHIK_CLIM/CHIK_CLIM
here() starts at C:/Users/user/OneDrive - London School of Hygiene and Tropical 
Medicine/Documents/GitHub/CHIK_CLIM/CHIK_CLIM
here() starts at C:/Users/user/OneDrive - London School of Hygiene and Tropical 
Medicine/Documents/GitHub/CHIK_CLIM/CHIK_CLIM
[bahia-multisite-q0.10] frozen v4.9 structure + 6-site geo-adjusted serology | q=0.1 | stage=pilot
starting worker pid=8072 on localhost:11996 at 23:56:42.583
starting worker pid=30620 on localhost:11996 at 23:56:42.691
starting worker pid=28576 on localhost:11996 at 23:56:42.797
starting worker pid=4572 on localhost:11996 at 23:56:42.904

SAMPLING FOR MODEL 'anon_model' NOW (CHAIN 1).
Chain 1: 
Chain 1: Gradient evaluation took 0.000965 seconds
Chain 1: 1000 transitions using 10 leapfrog steps per transition would take 9.65 seconds.
Chain 1: Adjust your expectations accordingly!
Chain 1: 
Chain 1: 
Chain 1: Iteration:   1 / 250 [  0%]  (Warmup)

SAMPLING FOR MODEL 'anon_model' NOW (CHAIN 2).
Chain 2: 
Chain 2: Gradient evaluation took 0.000915 seconds
Chain 2: 1000 transitions using 10 leapfrog steps per transition would take 9.15 seconds.
Chain 2: Adjust your expectations accordingly!
Chain 2: 
Chain 2: 
Chain 2: Iteration:   1 / 250 [  0%]  (Warmup)
Chain 2: Iteration:  25 / 250 [ 10%]  (Warmup)

SAMPLING FOR MODEL 'anon_model' NOW (CHAIN 3).
Chain 3: 
Chain 3: Gradient evaluation took 0.000925 seconds
Chain 3: 1000 transitions using 10 leapfrog steps per transition would take 9.25 seconds.
Chain 3: Adjust your expectations accordingly!
Chain 3: 
Chain 3: 
Chain 3: Iteration:   1 / 250 [  0%]  (Warmup)
Chain 2: Iteration:  50 / 250 [ 20%]  (Warmup)

SAMPLING FOR MODEL 'anon_model' NOW (CHAIN 4).
Chain 4: 
Chain 4: Gradient evaluation took 0.00093 seconds
Chain 4: 1000 transitions using 10 leapfrog steps per transition would take 9.3 seconds.
Chain 4: Adjust your expectations accordingly!
Chain 4: 
Chain 4: 
Chain 4: Iteration:   1 / 250 [  0%]  (Warmup)
Chain 4: Iteration:  25 / 250 [ 10%]  (Warmup)
Chain 1: Iteration:  25 / 250 [ 10%]  (Warmup)
Chain 2: Iteration:  75 / 250 [ 30%]  (Warmup)
Chain 3: Iteration:  25 / 250 [ 10%]  (Warmup)
Chain 4: Iteration:  50 / 250 [ 20%]  (Warmup)
Chain 2: Iteration: 100 / 250 [ 40%]  (Warmup)
Chain 1: Iteration:  50 / 250 [ 20%]  (Warmup)
Chain 2: Iteration: 125 / 250 [ 50%]  (Warmup)
Chain 2: Iteration: 150 / 250 [ 60%]  (Warmup)
Chain 2: Iteration: 151 / 250 [ 60%]  (Sampling)
Chain 3: Iteration:  50 / 250 [ 20%]  (Warmup)
Chain 2: Iteration: 175 / 250 [ 70%]  (Sampling)
Chain 2: Iteration: 200 / 250 [ 80%]  (Sampling)
Chain 2: Iteration: 225 / 250 [ 90%]  (Sampling)
Chain 2: Iteration: 250 / 250 [100%]  (Sampling)
Chain 2: 
Chain 2:  Elapsed Time: 155.622 seconds (Warm-up)
Chain 2:                32.249 seconds (Sampling)
Chain 2:                187.871 seconds (Total)
Chain 2: 
Chain 4: Iteration:  75 / 250 [ 30%]  (Warmup)
Chain 1: Iteration:  75 / 250 [ 30%]  (Warmup)
Chain 4: Iteration: 100 / 250 [ 40%]  (Warmup)
Chain 3: Iteration:  75 / 250 [ 30%]  (Warmup)
Chain 4: Iteration: 125 / 250 [ 50%]  (Warmup)
Chain 4: Iteration: 150 / 250 [ 60%]  (Warmup)
Chain 4: Iteration: 151 / 250 [ 60%]  (Sampling)
Chain 4: Iteration: 175 / 250 [ 70%]  (Sampling)
Chain 4: Iteration: 200 / 250 [ 80%]  (Sampling)
Chain 4: Iteration: 225 / 250 [ 90%]  (Sampling)
Chain 4: Iteration: 250 / 250 [100%]  (Sampling)
Chain 4: 
Chain 4:  Elapsed Time: 284.13 seconds (Warm-up)
Chain 4:                39.353 seconds (Sampling)
Chain 4:                323.483 seconds (Total)
Chain 4: 
Chain 1: Iteration: 100 / 250 [ 40%]  (Warmup)
Chain 3: Iteration: 100 / 250 [ 40%]  (Warmup)
Chain 3: Iteration: 125 / 250 [ 50%]  (Warmup)
Chain 1: Iteration: 125 / 250 [ 50%]  (Warmup)
Chain 1: Iteration: 150 / 250 [ 60%]  (Warmup)
Chain 3: Iteration: 150 / 250 [ 60%]  (Warmup)
Chain 1: Iteration: 151 / 250 [ 60%]  (Sampling)
Chain 3: Iteration: 151 / 250 [ 60%]  (Sampling)
Chain 3: Iteration: 175 / 250 [ 70%]  (Sampling)
Chain 1: Iteration: 175 / 250 [ 70%]  (Sampling)
Chain 3: Iteration: 200 / 250 [ 80%]  (Sampling)
Chain 1: Iteration: 200 / 250 [ 80%]  (Sampling)
Chain 1: Iteration: 225 / 250 [ 90%]  (Sampling)
Chain 3: Iteration: 225 / 250 [ 90%]  (Sampling)
Chain 1: Iteration: 250 / 250 [100%]  (Sampling)
Chain 1: 
Chain 1:  Elapsed Time: 371.141 seconds (Warm-up)
Chain 1:                29.908 seconds (Sampling)
Chain 1:                401.049 seconds (Total)
Chain 1: 
Chain 3: Iteration: 250 / 250 [100%]  (Sampling)
Chain 3: 
Chain 3:  Elapsed Time: 370.308 seconds (Warm-up)
Chain 3:                31.266 seconds (Sampling)
Chain 3:                401.574 seconds (Total)
Chain 3: 
[bahia-multisite-q0.10] DONE | HMC gate: FAIL | elapsed=414s | saved: C:/Users/user/OneDrive - London School of 
Hygiene and Tropical Medicine/Documents/GitHub/CHIK_CLIM/CHIK_CLIM/02_Script/40_renewal_model/30_bahia_v4_9_replication
/outputs_multisite_serology/q0.10/renewal_bahia_multisite_fit_q0.10.rds
Warning messages:
1: Bulk Effective Samples Size (ESS) is too low, indicating posterior means and medians may be unreliable.
Running the chains for more iterations may help. See
https://mc-stan.org/misc/warnings.html#bulk-ess 
2: Tail Effective Samples Size (ESS) is too low, indicating posterior variances and tail quantiles may be unreliable.
Running the chains for more iterations may help. See
https://mc-stan.org/misc/warnings.html#tail-ess 
